// Jest Snapshot v1, https://goo.gl/fbAQLP

exports[`Testing Description component Snapshot tests should render without crashing 1`] = `
<div
  className="description description-container"
>
  <h1
    className="header"
  >
    Welcome to NDNU Connect
  </h1>
  <div
    className="info-container"
  >
    <p>
        Notre Dame de Namur University (NDNU) Connect is an application that connects students, tutors and alumni on one platform. NDNU Connect is a React-Django web application that allows past and present students of the university to connect and assist each other in their academic journeys and present career opportunities. It also serves as a one stop shop in order to help place students into internships and to help current students with career guidance.
    </p>
  </div>
</div>
`;
