// Jest Snapshot v1, https://goo.gl/fbAQLP

exports[`tests for ListJobs snapshot tests renders without crashing when props are passed 1`] = `"<div><div><div><div class=\\"ant-card ant-card-bordered\\"><div class=\\"ant-card-head\\"><div class=\\"ant-card-head-wrapper\\"><div class=\\"ant-card-head-title\\">Bus Driver</div><div class=\\"ant-card-extra\\"><a>Apply</a></div></div></div><div class=\\"ant-card-body\\"><p></p><p>Wednesday, April 8, 2020 12:20 AM</p></div></div></div></div></div>"`;

exports[`tests for ListJobs snapshot tests renders without crashing without props 1`] = `"<div></div>"`;
